// Jest Snapshot v1, https://goo.gl/fbAQLP

exports[` 1`] = `
Object {
  "availableBorrowsETH": "0",
  "currentLiquidationThreshold": "0",
  "currentLoanToValue": "0",
  "healthFactor": "0",
  "id": "0cd96fb5ee9616f64d892644f53f35be4f90xff795577d9ac8bd7d90ee22b6c1703490b6512fd0x88757f2f99175387ab4c6a4b3067c77a695b0349",
  "reservesData": Array [
    Object {
      "principalStableDebt": "0",
      "reserve": Object {
        "decimals": 18,
        "id": "0xff795577d9ac8bd7d90ee22b6c1703490b6512fd0x88757f2f99175387ab4c6a4b3067c77a695b0349",
        "lastUpdateTimestamp": 1607000068,
        "liquidityRate": "0.02707021029693311716",
        "name": "",
        "reserveLiquidationBonus": "0.05",
        "symbol": "DAI",
        "underlyingAsset": "0xff795577d9ac8bd7d90ee22b6c1703490b6512fd",
      },
      "scaledATokenBalance": "0",
      "scaledVariableDebt": "137602026075945229933190",
      "stableBorrowLastUpdateTimestamp": 0,
      "stableBorrowRate": "0",
      "stableBorrows": "0",
      "stableBorrowsETH": "0",
      "stableBorrowsUSD": "0",
      "totalBorrows": "137635.694716770188069538",
      "totalBorrowsETH": "224.903606951938325815",
      "totalBorrowsUSD": "375539.3154302718",
      "underlyingBalance": "0",
      "underlyingBalanceETH": "0",
      "underlyingBalanceUSD": "0",
      "usageAsCollateralEnabledOnUser": false,
      "variableBorrowIndex": "0",
      "variableBorrows": "137635.694716770188069538",
      "variableBorrowsETH": "224.903606951938325815",
      "variableBorrowsUSD": "375539.3154302718",
    },
  ],
  "totalBorrowsETH": "224.903606951938325815",
  "totalBorrowsUSD": "375539.3154302718",
  "totalCollateralETH": "0",
  "totalCollateralUSD": "0",
  "totalLiquidityETH": "0",
  "totalLiquidityUSD": "0",
}
`;

exports[`computations and formattings formatReserves should return plausible results 1`] = `
Object {
  "aTokenAddress": "0xdCf0aF9e59C002FA3AA091a46196b37530FD48a8",
  "availableLiquidity": "43133.641118657852003256",
  "averageStableRate": "109284236984257451326752610",
  "avg30DaysLiquidityRate": undefined,
  "avg30DaysVariableBorrowRate": undefined,
  "baseLTVasCollateral": "0.75",
  "baseVariableBorrowRate": "109284236984257451326752610",
  "borrowingEnabled": true,
  "decimals": 18,
  "id": "0xff795577d9ac8bd7d90ee22b6c1703490b6512fd0x88757f2f99175387ab4c6a4b3067c77a695b0349",
  "isActive": true,
  "isFrozen": false,
  "lastUpdateTimestamp": 1606992400,
  "liquidityIndex": "1.00016444737961059057",
  "liquidityRate": "0.02677620073531209306",
  "name": "",
  "optimalUtilisationRate": "109284236984257451326752610",
  "price": Object {
    "priceInEth": "0.00163405",
  },
  "reserveFactor": "0.1",
  "reserveLiquidationBonus": "0.05",
  "reserveLiquidationThreshold": "0.8",
  "stableBorrowRate": "0.10928437169401419784",
  "stableBorrowRateEnabled": true,
  "stableDebtLastUpdateTimestamp": 1606992400,
  "stableDebtTokenAddress": "0x3B91257Fe5CA63b4114ac41A0d467D25E2F747F3",
  "stableRateSlope1": "20000000000000000000000000",
  "stableRateSlope2": "750000000000000000000000000",
  "symbol": "DAI",
  "totalDebt": "145531.711188584838529666",
  "totalLiquidity": "188665.352307242690532922",
  "totalPrincipalStableDebt": "1",
  "totalScaledVariableDebt": "145496.831599325217573288",
  "totalStableDebt": "1.00000693078484952",
  "totalVariableDebt": "145530.711181654053680146",
  "underlyingAsset": "0xff795577d9ac8bd7d90ee22b6c1703490b6512fd",
  "usageAsCollateralEnabled": true,
  "utilizationRate": "0.77137486776896665556",
  "variableBorrowIndex": "1.00023285443371120965",
  "variableBorrowRate": "0.03856874338802839568",
  "variableDebtTokenAddress": "0xEAbBDBe7aaD7d5A278da40967E62C8c8Fe5fAec8",
  "variableRateSlope1": "40000000000000000000000000",
  "variableRateSlope2": "750000000000000000000000000",
}
`;
